[INFO] [launch]: All log files can be found below /home/aurora/.ros/log/2025-05-08-17-40-44-536784-aurora-1775330
[INFO] [launch]: Default logging verbosity is set to INFO
[INFO] [robot_decision-1]: process started with pid [1775356]
[robot_decision-1] [WARN] [1746697244.734699500] [rcl.logging_rosout]: Publisher already registered for provided node name. If this is due to multiple nodes with the same name then all logs for that logger name will go out over the existing publisher. As soon as any node with that name is destructed it will unregister the publisher, preventing any further logs for that name from being published on the rosout topic.
[robot_decision-1] [WARN] [1746697244.752267925] [rcl.logging_rosout]: Publisher already registered for provided node name. If this is due to multiple nodes with the same name then all logs for that logger name will go out over the existing publisher. As soon as any node with that name is destructed it will unregister the publisher, preventing any further logs for that name from being published on the rosout topic.
[robot_decision-1] [WARN] [1746697244.772022287] [rcl.logging_rosout]: Publisher already registered for provided node name. If this is due to multiple nodes with the same name then all logs for that logger name will go out over the existing publisher. As soon as any node with that name is destructed it will unregister the publisher, preventing any further logs for that name from being published on the rosout topic.
[robot_decision-1] [WARN] [1746697244.816528850] [rcl.logging_rosout]: Publisher already registered for provided node name. If this is due to multiple nodes with the same name then all logs for that logger name will go out over the existing publisher. As soon as any node with that name is destructed it will unregister the publisher, preventing any further logs for that name from being published on the rosout topic.
[robot_decision-1] [WARN] [1746697244.856694613] [rcl.logging_rosout]: Publisher already registered for provided node name. If this is due to multiple nodes with the same name then all logs for that logger name will go out over the existing publisher. As soon as any node with that name is destructed it will unregister the publisher, preventing any further logs for that name from being published on the rosout topic.
[robot_decision-1] [INFO] [1746697244.903815661] [robot_decision]: Node [CheckIfHealth] created Subscriber to topic [ifhealth]
[robot_decision-1] [INFO] [1746697244.954042398] [robot_decision]: Loading points from: /home/aurora/pnx_decision/install/robot_decision/share/robot_decision/behavior_trees/RMUC_point.yaml
[robot_decision-1] [INFO] [1746697244.954649083] [robot_decision]: Points loaded successfully
[robot_decision-1] [INFO] [1746697244.956459922] [robot_decision]: Node [IsOurOutpostDead] created Subscriber to topic [our_outpost_health]
[robot_decision-1] [INFO] [1746697244.956988564] [robot_decision]: Loading points from: /home/aurora/pnx_decision/install/robot_decision/share/robot_decision/behavior_trees/RMUC_point.yaml
[robot_decision-1] [INFO] [1746697244.957331634] [robot_decision]: Points loaded successfully
[robot_decision-1] [INFO] [1746697244.959445600] [robot_decision]: Node [IsEnemyOutpostDead] created Subscriber to topic [enemy_outpost_health]
[robot_decision-1] [INFO] [1746697244.960825988] [robot_decision]: Loading points from: /home/aurora/pnx_decision/install/robot_decision/share/robot_decision/behavior_trees/RMUC_point.yaml
[robot_decision-1] [INFO] [1746697244.961321859] [robot_decision]: Points loaded successfully
[robot_decision-1] [INFO] [1746697244.961975300] [robot_decision]: Loading points from: /home/aurora/pnx_decision/install/robot_decision/share/robot_decision/behavior_trees/RMUC_point.yaml
[robot_decision-1] [INFO] [1746697244.962531933] [robot_decision]: Points loaded successfully
[robot_decision-1] [ERROR] [1746697244.963785638] [robot_decision]: [CheckIfHealth] invalid message
[robot_decision-1] [1746697244.963]: RootSequence              [36mIDLE[0m -> [33mRUNNING[0m
[robot_decision-1] [1746697244.963]: HealthCheck               [36mIDLE[0m -> [33mRUNNING[0m
[robot_decision-1] [1746697244.964]: CheckIfHealth             [36mIDLE[0m -> [31mFAILURE[0m
[robot_decision-1] [1746697244.964]: CheckIfHealth             [31mFAILURE[0m -> [36mIDLE[0m
[robot_decision-1] [1746697244.964]: HealthCheck               [33mRUNNING[0m -> [31mFAILURE[0m
[robot_decision-1] [1746697244.964]: HealthCheck               [31mFAILURE[0m -> [36mIDLE[0m
[robot_decision-1] [1746697244.964]: RootSequence              [33mRUNNING[0m -> [31mFAILURE[0m
[robot_decision-1] [1746697244.964]: RootSequence              [31mFAILURE[0m -> [36mIDLE[0m
[robot_decision-1] --- status: FAILURE
[robot_decision-1] 
[robot_decision-1] [1746697245.164]: RootSequence              [36mIDLE[0m -> [33mRUNNING[0m
[robot_decision-1] [1746697245.164]: HealthCheck               [36mIDLE[0m -> [33mRUNNING[0m
[robot_decision-1] [ERROR] [1746697245.164269022] [robot_decision]: [CheckIfHealth] invalid message
[robot_decision-1] [1746697245.164]: CheckIfHealth             [36mIDLE[0m -> [31mFAILURE[0m
[robot_decision-1] [1746697245.164]: CheckIfHealth             [31mFAILURE[0m -> [36mIDLE[0m
[robot_decision-1] [1746697245.164]: HealthCheck               [33mRUNNING[0m -> [31mFAILURE[0m
[robot_decision-1] [1746697245.164]: HealthCheck               [31mFAILURE[0m -> [36mIDLE[0m
[robot_decision-1] [1746697245.164]: RootSequence              [33mRUNNING[0m -> [31mFAILURE[0m
[robot_decision-1] [1746697245.164]: RootSequence              [31mFAILURE[0m -> [36mIDLE[0m
[robot_decision-1] [1746697245.365]: RootSequence              [36mIDLE[0m -> [33mRUNNING[0m
[robot_decision-1] [1746697245.365]: HealthCheck               [36mIDLE[0m -> [33mRUNNING[0m
[robot_decision-1] [1746697245.366]: CheckIfHealth             [36mIDLE[0m -> [31mFAILURE[0m
[robot_decision-1] [1746697245.366]: CheckIfHealth             [31mFAILURE[0m -> [36mIDLE[0m
[robot_decision-1] [1746697245.366]: HealthCheck               [33mRUNNING[0m -> [31mFAILURE[0m
[robot_decision-1] [1746697245.366]: HealthCheck               [31mFAILURE[0m -> [36mIDLE[0m
[robot_decision-1] [1746697245.366]: RootSequence              [33mRUNNING[0m -> [31mFAILURE[0m
[robot_decision-1] [1746697245.366]: RootSequence              [31mFAILURE[0m -> [36mIDLE[0m
[robot_decision-1] [ERROR] [1746697245.365437916] [robot_decision]: [CheckIfHealth] invalid message
[robot_decision-1] [1746697245.566]: RootSequence              [36mIDLE[0m -> [33mRUNNING[0m
[robot_decision-1] [1746697245.566]: HealthCheck               [36mIDLE[0m -> [33mRUNNING[0m
[robot_decision-1] [ERROR] [1746697245.566029520] [robot_decision]: [CheckIfHealth] invalid message
[robot_decision-1] [1746697245.566]: CheckIfHealth             [36mIDLE[0m -> [31mFAILURE[0m
[robot_decision-1] [1746697245.566]: CheckIfHealth             [31mFAILURE[0m -> [36mIDLE[0m
[robot_decision-1] [1746697245.566]: HealthCheck               [33mRUNNING[0m -> [31mFAILURE[0m
[robot_decision-1] [1746697245.566]: HealthCheck               [31mFAILURE[0m -> [36mIDLE[0m
[robot_decision-1] [1746697245.566]: RootSequence              [33mRUNNING[0m -> [31mFAILURE[0m
[robot_decision-1] [1746697245.566]: RootSequence              [31mFAILURE[0m -> [36mIDLE[0m
[robot_decision-1] [1746697245.766]: RootSequence              [36mIDLE[0m -> [33mRUNNING[0m
[robot_decision-1] [1746697245.766]: HealthCheck               [36mIDLE[0m -> [33mRUNNING[0m
[robot_decision-1] [ERROR] [1746697245.766442866] [robot_decision]: [CheckIfHealth] invalid message
[robot_decision-1] [1746697245.767]: CheckIfHealth             [36mIDLE[0m -> [31mFAILURE[0m
[robot_decision-1] [1746697245.767]: CheckIfHealth             [31mFAILURE[0m -> [36mIDLE[0m
[robot_decision-1] [1746697245.767]: HealthCheck               [33mRUNNING[0m -> [31mFAILURE[0m
[robot_decision-1] [1746697245.767]: HealthCheck               [31mFAILURE[0m -> [36mIDLE[0m
[robot_decision-1] [1746697245.767]: RootSequence              [33mRUNNING[0m -> [31mFAILURE[0m
[robot_decision-1] [1746697245.767]: RootSequence              [31mFAILURE[0m -> [36mIDLE[0m
[robot_decision-1] [1746697245.968]: RootSequence              [36mIDLE[0m -> [33mRUNNING[0m
[robot_decision-1] [1746697245.968]: HealthCheck               [36mIDLE[0m -> [33mRUNNING[0m
[robot_decision-1] [1746697245.969]: CheckIfHealth             [36mIDLE[0m -> [31mFAILURE[0m
[robot_decision-1] [1746697245.969]: CheckIfHealth             [31mFAILURE[0m -> [36mIDLE[0m
[robot_decision-1] [1746697245.969]: HealthCheck               [33mRUNNING[0m -> [31mFAILURE[0m
[robot_decision-1] [1746697245.969]: HealthCheck               [31mFAILURE[0m -> [36mIDLE[0m
[robot_decision-1] [1746697245.969]: RootSequence              [33mRUNNING[0m -> [31mFAILURE[0m
[robot_decision-1] [1746697245.969]: RootSequence              [31mFAILURE[0m -> [36mIDLE[0m
[robot_decision-1] [ERROR] [1746697245.968580010] [robot_decision]: [CheckIfHealth] invalid message
[robot_decision-1] [1746697246.169]: RootSequence              [36mIDLE[0m -> [33mRUNNING[0m
[robot_decision-1] [1746697246.169]: HealthCheck               [36mIDLE[0m -> [33mRUNNING[0m
[robot_decision-1] [ERROR] [1746697246.169601067] [robot_decision]: [CheckIfHealth] invalid message
[robot_decision-1] [1746697246.170]: CheckIfHealth             [36mIDLE[0m -> [31mFAILURE[0m
[robot_decision-1] [1746697246.170]: CheckIfHealth             [31mFAILURE[0m -> [36mIDLE[0m
[robot_decision-1] [1746697246.170]: HealthCheck               [33mRUNNING[0m -> [31mFAILURE[0m
[robot_decision-1] [1746697246.170]: HealthCheck               [31mFAILURE[0m -> [36mIDLE[0m
[robot_decision-1] [1746697246.170]: RootSequence              [33mRUNNING[0m -> [31mFAILURE[0m
[robot_decision-1] [1746697246.170]: RootSequence              [31mFAILURE[0m -> [36mIDLE[0m
[robot_decision-1] [1746697246.370]: RootSequence              [36mIDLE[0m -> [33mRUNNING[0m
[robot_decision-1] [1746697246.370]: HealthCheck               [36mIDLE[0m -> [33mRUNNING[0m
[robot_decision-1] [1746697246.370]: CheckIfHealth             [36mIDLE[0m -> [31mFAILURE[0m
[robot_decision-1] [1746697246.370]: CheckIfHealth             [31mFAILURE[0m -> [36mIDLE[0m
[robot_decision-1] [1746697246.370]: HealthCheck               [33mRUNNING[0m -> [31mFAILURE[0m
[robot_decision-1] [1746697246.370]: HealthCheck               [31mFAILURE[0m -> [36mIDLE[0m
[robot_decision-1] [1746697246.370]: RootSequence              [33mRUNNING[0m -> [31mFAILURE[0m
[robot_decision-1] [1746697246.370]: RootSequence              [31mFAILURE[0m -> [36mIDLE[0m
[robot_decision-1] [ERROR] [1746697246.370128818] [robot_decision]: [CheckIfHealth] invalid message
[robot_decision-1] [1746697246.570]: RootSequence              [36mIDLE[0m -> [33mRUNNING[0m
[robot_decision-1] [1746697246.570]: HealthCheck               [36mIDLE[0m -> [33mRUNNING[0m
[robot_decision-1] [ERROR] [1746697246.570527862] [robot_decision]: [CheckIfHealth] invalid message
[robot_decision-1] [1746697246.571]: CheckIfHealth             [36mIDLE[0m -> [31mFAILURE[0m
[robot_decision-1] [1746697246.571]: CheckIfHealth             [31mFAILURE[0m -> [36mIDLE[0m
[robot_decision-1] [1746697246.571]: HealthCheck               [33mRUNNING[0m -> [31mFAILURE[0m
[robot_decision-1] [1746697246.571]: HealthCheck               [31mFAILURE[0m -> [36mIDLE[0m
[robot_decision-1] [1746697246.571]: RootSequence              [33mRUNNING[0m -> [31mFAILURE[0m
[robot_decision-1] [1746697246.571]: RootSequence              [31mFAILURE[0m -> [36mIDLE[0m
[robot_decision-1] [1746697246.771]: RootSequence              [36mIDLE[0m -> [33mRUNNING[0m
[robot_decision-1] [1746697246.771]: HealthCheck               [36mIDLE[0m -> [33mRUNNING[0m
[robot_decision-1] [ERROR] [1746697246.770992697] [robot_decision]: [CheckIfHealth] invalid message
[robot_decision-1] [1746697246.771]: CheckIfHealth             [36mIDLE[0m -> [31mFAILURE[0m
[robot_decision-1] [1746697246.771]: CheckIfHealth             [31mFAILURE[0m -> [36mIDLE[0m
[robot_decision-1] [1746697246.771]: HealthCheck               [33mRUNNING[0m -> [31mFAILURE[0m
[robot_decision-1] [1746697246.771]: HealthCheck               [31mFAILURE[0m -> [36mIDLE[0m
[robot_decision-1] [1746697246.771]: RootSequence              [33mRUNNING[0m -> [31mFAILURE[0m
[robot_decision-1] [1746697246.771]: RootSequence              [31mFAILURE[0m -> [36mIDLE[0m
[robot_decision-1] [1746697246.971]: RootSequence              [36mIDLE[0m -> [33mRUNNING[0m
[robot_decision-1] [1746697246.971]: HealthCheck               [36mIDLE[0m -> [33mRUNNING[0m
[robot_decision-1] [ERROR] [1746697246.971461169] [robot_decision]: [CheckIfHealth] invalid message
[robot_decision-1] [1746697246.972]: CheckIfHealth             [36mIDLE[0m -> [31mFAILURE[0m
[robot_decision-1] [1746697246.972]: CheckIfHealth             [31mFAILURE[0m -> [36mIDLE[0m
[robot_decision-1] [1746697246.972]: HealthCheck               [33mRUNNING[0m -> [31mFAILURE[0m
[robot_decision-1] [1746697246.972]: HealthCheck               [31mFAILURE[0m -> [36mIDLE[0m
[robot_decision-1] [1746697246.972]: RootSequence              [33mRUNNING[0m -> [31mFAILURE[0m
[robot_decision-1] [1746697246.972]: RootSequence              [31mFAILURE[0m -> [36mIDLE[0m
[robot_decision-1] [1746697247.172]: RootSequence              [36mIDLE[0m -> [33mRUNNING[0m
[robot_decision-1] [1746697247.172]: HealthCheck               [36mIDLE[0m -> [33mRUNNING[0m
[robot_decision-1] [1746697247.172]: CheckIfHealth             [36mIDLE[0m -> [31mFAILURE[0m
[robot_decision-1] [1746697247.172]: CheckIfHealth             [31mFAILURE[0m -> [36mIDLE[0m
[robot_decision-1] [1746697247.172]: HealthCheck               [33mRUNNING[0m -> [31mFAILURE[0m
[robot_decision-1] [1746697247.172]: HealthCheck               [31mFAILURE[0m -> [36mIDLE[0m
[robot_decision-1] [1746697247.172]: RootSequence              [33mRUNNING[0m -> [31mFAILURE[0m
[robot_decision-1] [1746697247.172]: RootSequence              [31mFAILURE[0m -> [36mIDLE[0m
[robot_decision-1] [ERROR] [1746697247.172002950] [robot_decision]: [CheckIfHealth] invalid message
[robot_decision-1] [1746697247.372]: RootSequence              [36mIDLE[0m -> [33mRUNNING[0m
[robot_decision-1] [1746697247.372]: HealthCheck               [36mIDLE[0m -> [33mRUNNING[0m
[robot_decision-1] [1746697247.373]: CheckIfHealth             [36mIDLE[0m -> [31mFAILURE[0m
[robot_decision-1] [1746697247.373]: CheckIfHealth             [31mFAILURE[0m -> [36mIDLE[0m
[robot_decision-1] [1746697247.373]: HealthCheck               [33mRUNNING[0m -> [31mFAILURE[0m
[robot_decision-1] [1746697247.373]: HealthCheck               [31mFAILURE[0m -> [36mIDLE[0m
[robot_decision-1] [1746697247.373]: RootSequence              [33mRUNNING[0m -> [31mFAILURE[0m
[robot_decision-1] [1746697247.373]: RootSequence              [31mFAILURE[0m -> [36mIDLE[0m
[robot_decision-1] [1746697247.573]: RootSequence              [36mIDLE[0m -> [33mRUNNING[0m
[robot_decision-1] [1746697247.573]: HealthCheck               [36mIDLE[0m -> [33mRUNNING[0m
[robot_decision-1] [1746697247.573]: CheckIfHealth             [36mIDLE[0m -> [31mFAILURE[0m
[robot_decision-1] [1746697247.573]: CheckIfHealth             [31mFAILURE[0m -> [36mIDLE[0m
[robot_decision-1] [1746697247.573]: HealthCheck               [33mRUNNING[0m -> [31mFAILURE[0m
[robot_decision-1] [1746697247.573]: HealthCheck               [31mFAILURE[0m -> [36mIDLE[0m
[robot_decision-1] [1746697247.573]: RootSequence              [33mRUNNING[0m -> [31mFAILURE[0m
[robot_decision-1] [1746697247.573]: RootSequence              [31mFAILURE[0m -> [36mIDLE[0m
[robot_decision-1] [1746697247.773]: RootSequence              [36mIDLE[0m -> [33mRUNNING[0m
[robot_decision-1] [1746697247.773]: HealthCheck               [36mIDLE[0m -> [33mRUNNING[0m
[robot_decision-1] [1746697247.774]: CheckIfHealth             [36mIDLE[0m -> [31mFAILURE[0m
[robot_decision-1] [1746697247.774]: CheckIfHealth             [31mFAILURE[0m -> [36mIDLE[0m
[robot_decision-1] [1746697247.774]: HealthCheck               [33mRUNNING[0m -> [31mFAILURE[0m
[robot_decision-1] [1746697247.774]: HealthCheck               [31mFAILURE[0m -> [36mIDLE[0m
[robot_decision-1] [1746697247.774]: RootSequence              [33mRUNNING[0m -> [31mFAILURE[0m
[robot_decision-1] [1746697247.774]: RootSequence              [31mFAILURE[0m -> [36mIDLE[0m
[robot_decision-1] [1746697247.974]: RootSequence              [36mIDLE[0m -> [33mRUNNING[0m
[robot_decision-1] [1746697247.974]: HealthCheck               [36mIDLE[0m -> [33mRUNNING[0m
[robot_decision-1] [1746697247.974]: CheckIfHealth             [36mIDLE[0m -> [31mFAILURE[0m
[robot_decision-1] [1746697247.974]: CheckIfHealth             [31mFAILURE[0m -> [36mIDLE[0m
[robot_decision-1] [1746697247.974]: HealthCheck               [33mRUNNING[0m -> [31mFAILURE[0m
[robot_decision-1] [1746697247.974]: HealthCheck               [31mFAILURE[0m -> [36mIDLE[0m
[robot_decision-1] [1746697247.974]: RootSequence              [33mRUNNING[0m -> [31mFAILURE[0m
[robot_decision-1] [1746697247.974]: RootSequence              [31mFAILURE[0m -> [36mIDLE[0m
[robot_decision-1] [1746697248.174]: RootSequence              [36mIDLE[0m -> [33mRUNNING[0m
[robot_decision-1] [1746697248.174]: HealthCheck               [36mIDLE[0m -> [33mRUNNING[0m
[robot_decision-1] [1746697248.174]: CheckIfHealth             [36mIDLE[0m -> [31mFAILURE[0m
[robot_decision-1] [1746697248.174]: CheckIfHealth             [31mFAILURE[0m -> [36mIDLE[0m
[robot_decision-1] [1746697248.174]: HealthCheck               [33mRUNNING[0m -> [31mFAILURE[0m
[robot_decision-1] [1746697248.174]: HealthCheck               [31mFAILURE[0m -> [36mIDLE[0m
[robot_decision-1] [1746697248.174]: RootSequence              [33mRUNNING[0m -> [31mFAILURE[0m
[robot_decision-1] [1746697248.174]: RootSequence              [31mFAILURE[0m -> [36mIDLE[0m
[robot_decision-1] [1746697248.375]: RootSequence              [36mIDLE[0m -> [33mRUNNING[0m
[robot_decision-1] [1746697248.375]: HealthCheck               [36mIDLE[0m -> [33mRUNNING[0m
[robot_decision-1] [1746697248.375]: CheckIfHealth             [36mIDLE[0m -> [31mFAILURE[0m
[robot_decision-1] [1746697248.375]: CheckIfHealth             [31mFAILURE[0m -> [36mIDLE[0m
[robot_decision-1] [1746697248.375]: HealthCheck               [33mRUNNING[0m -> [31mFAILURE[0m
[robot_decision-1] [1746697248.375]: HealthCheck               [31mFAILURE[0m -> [36mIDLE[0m
[robot_decision-1] [1746697248.375]: RootSequence              [33mRUNNING[0m -> [31mFAILURE[0m
[robot_decision-1] [1746697248.375]: RootSequence              [31mFAILURE[0m -> [36mIDLE[0m
[robot_decision-1] [1746697248.575]: RootSequence              [36mIDLE[0m -> [33mRUNNING[0m
[robot_decision-1] [1746697248.575]: HealthCheck               [36mIDLE[0m -> [33mRUNNING[0m
[robot_decision-1] [1746697248.576]: CheckIfHealth             [36mIDLE[0m -> [31mFAILURE[0m
[robot_decision-1] [1746697248.576]: CheckIfHealth             [31mFAILURE[0m -> [36mIDLE[0m
[robot_decision-1] [1746697248.576]: HealthCheck               [33mRUNNING[0m -> [31mFAILURE[0m
[robot_decision-1] [1746697248.576]: HealthCheck               [31mFAILURE[0m -> [36mIDLE[0m
[robot_decision-1] [1746697248.576]: RootSequence              [33mRUNNING[0m -> [31mFAILURE[0m
[robot_decision-1] [1746697248.576]: RootSequence              [31mFAILURE[0m -> [36mIDLE[0m
[robot_decision-1] [1746697248.776]: RootSequence              [36mIDLE[0m -> [33mRUNNING[0m
[robot_decision-1] [1746697248.776]: HealthCheck               [36mIDLE[0m -> [33mRUNNING[0m
[robot_decision-1] [1746697248.776]: CheckIfHealth             [36mIDLE[0m -> [31mFAILURE[0m
[robot_decision-1] [1746697248.776]: CheckIfHealth             [31mFAILURE[0m -> [36mIDLE[0m
[robot_decision-1] [1746697248.776]: HealthCheck               [33mRUNNING[0m -> [31mFAILURE[0m
[robot_decision-1] [1746697248.776]: HealthCheck               [31mFAILURE[0m -> [36mIDLE[0m
[robot_decision-1] [1746697248.776]: RootSequence              [33mRUNNING[0m -> [31mFAILURE[0m
[robot_decision-1] [1746697248.776]: RootSequence              [31mFAILURE[0m -> [36mIDLE[0m
[robot_decision-1] [1746697248.976]: RootSequence              [36mIDLE[0m -> [33mRUNNING[0m
[robot_decision-1] [1746697248.976]: HealthCheck               [36mIDLE[0m -> [33mRUNNING[0m
[robot_decision-1] [1746697248.977]: CheckIfHealth             [36mIDLE[0m -> [31mFAILURE[0m
[robot_decision-1] [1746697248.977]: CheckIfHealth             [31mFAILURE[0m -> [36mIDLE[0m
[robot_decision-1] [1746697248.977]: HealthCheck               [33mRUNNING[0m -> [31mFAILURE[0m
[robot_decision-1] [1746697248.977]: HealthCheck               [31mFAILURE[0m -> [36mIDLE[0m
[robot_decision-1] [1746697248.977]: RootSequence              [33mRUNNING[0m -> [31mFAILURE[0m
[robot_decision-1] [1746697248.977]: RootSequence              [31mFAILURE[0m -> [36mIDLE[0m
[robot_decision-1] [1746697249.177]: RootSequence              [36mIDLE[0m -> [33mRUNNING[0m
[robot_decision-1] [1746697249.177]: HealthCheck               [36mIDLE[0m -> [33mRUNNING[0m
[robot_decision-1] [1746697249.177]: CheckIfHealth             [36mIDLE[0m -> [31mFAILURE[0m
[robot_decision-1] [1746697249.177]: CheckIfHealth             [31mFAILURE[0m -> [36mIDLE[0m
[robot_decision-1] [1746697249.177]: HealthCheck               [33mRUNNING[0m -> [31mFAILURE[0m
[robot_decision-1] [1746697249.177]: HealthCheck               [31mFAILURE[0m -> [36mIDLE[0m
[robot_decision-1] [1746697249.177]: RootSequence              [33mRUNNING[0m -> [31mFAILURE[0m
[robot_decision-1] [1746697249.177]: RootSequence              [31mFAILURE[0m -> [36mIDLE[0m
[robot_decision-1] [1746697249.377]: RootSequence              [36mIDLE[0m -> [33mRUNNING[0m
[robot_decision-1] [1746697249.377]: HealthCheck               [36mIDLE[0m -> [33mRUNNING[0m
[robot_decision-1] [1746697249.377]: CheckIfHealth             [36mIDLE[0m -> [31mFAILURE[0m
[robot_decision-1] [1746697249.377]: CheckIfHealth             [31mFAILURE[0m -> [36mIDLE[0m
[robot_decision-1] [1746697249.377]: HealthCheck               [33mRUNNING[0m -> [31mFAILURE[0m
[robot_decision-1] [1746697249.377]: HealthCheck               [31mFAILURE[0m -> [36mIDLE[0m
[robot_decision-1] [1746697249.377]: RootSequence              [33mRUNNING[0m -> [31mFAILURE[0m
[robot_decision-1] [1746697249.377]: RootSequence              [31mFAILURE[0m -> [36mIDLE[0m
[robot_decision-1] [1746697249.577]: RootSequence              [36mIDLE[0m -> [33mRUNNING[0m
[robot_decision-1] [1746697249.577]: HealthCheck               [36mIDLE[0m -> [33mRUNNING[0m
[robot_decision-1] [1746697249.578]: CheckIfHealth             [36mIDLE[0m -> [31mFAILURE[0m
[robot_decision-1] [1746697249.578]: CheckIfHealth             [31mFAILURE[0m -> [36mIDLE[0m
[robot_decision-1] [1746697249.578]: HealthCheck               [33mRUNNING[0m -> [31mFAILURE[0m
[robot_decision-1] [1746697249.578]: HealthCheck               [31mFAILURE[0m -> [36mIDLE[0m
[robot_decision-1] [1746697249.578]: RootSequence              [33mRUNNING[0m -> [31mFAILURE[0m
[robot_decision-1] [1746697249.578]: RootSequence              [31mFAILURE[0m -> [36mIDLE[0m
[robot_decision-1] [1746697249.778]: RootSequence              [36mIDLE[0m -> [33mRUNNING[0m
[robot_decision-1] [1746697249.778]: HealthCheck               [36mIDLE[0m -> [33mRUNNING[0m
[robot_decision-1] [1746697249.778]: CheckIfHealth             [36mIDLE[0m -> [31mFAILURE[0m
[robot_decision-1] [1746697249.778]: CheckIfHealth             [31mFAILURE[0m -> [36mIDLE[0m
[robot_decision-1] [1746697249.778]: HealthCheck               [33mRUNNING[0m -> [31mFAILURE[0m
[robot_decision-1] [1746697249.778]: HealthCheck               [31mFAILURE[0m -> [36mIDLE[0m
[robot_decision-1] [1746697249.778]: RootSequence              [33mRUNNING[0m -> [31mFAILURE[0m
[robot_decision-1] [1746697249.778]: RootSequence              [31mFAILURE[0m -> [36mIDLE[0m
[robot_decision-1] [1746697249.979]: RootSequence              [36mIDLE[0m -> [33mRUNNING[0m
[robot_decision-1] [1746697249.979]: HealthCheck               [36mIDLE[0m -> [33mRUNNING[0m
[robot_decision-1] [1746697249.979]: CheckIfHealth             [36mIDLE[0m -> [31mFAILURE[0m
[robot_decision-1] [1746697249.979]: CheckIfHealth             [31mFAILURE[0m -> [36mIDLE[0m
[robot_decision-1] [1746697249.979]: HealthCheck               [33mRUNNING[0m -> [31mFAILURE[0m
[robot_decision-1] [1746697249.979]: HealthCheck               [31mFAILURE[0m -> [36mIDLE[0m
[robot_decision-1] [1746697249.979]: RootSequence              [33mRUNNING[0m -> [31mFAILURE[0m
[robot_decision-1] [1746697249.979]: RootSequence              [31mFAILURE[0m -> [36mIDLE[0m
[robot_decision-1] [1746697250.179]: RootSequence              [36mIDLE[0m -> [33mRUNNING[0m
[robot_decision-1] [1746697250.179]: HealthCheck               [36mIDLE[0m -> [33mRUNNING[0m
[robot_decision-1] [1746697250.179]: CheckIfHealth             [36mIDLE[0m -> [31mFAILURE[0m
[robot_decision-1] [1746697250.179]: CheckIfHealth             [31mFAILURE[0m -> [36mIDLE[0m
[robot_decision-1] [1746697250.179]: HealthCheck               [33mRUNNING[0m -> [31mFAILURE[0m
[robot_decision-1] [1746697250.179]: HealthCheck               [31mFAILURE[0m -> [36mIDLE[0m
[robot_decision-1] [1746697250.179]: RootSequence              [33mRUNNING[0m -> [31mFAILURE[0m
[robot_decision-1] [1746697250.179]: RootSequence              [31mFAILURE[0m -> [36mIDLE[0m
[robot_decision-1] [1746697250.379]: RootSequence              [36mIDLE[0m -> [33mRUNNING[0m
[robot_decision-1] [1746697250.379]: HealthCheck               [36mIDLE[0m -> [33mRUNNING[0m
[robot_decision-1] [1746697250.380]: CheckIfHealth             [36mIDLE[0m -> [31mFAILURE[0m
[robot_decision-1] [1746697250.380]: CheckIfHealth             [31mFAILURE[0m -> [36mIDLE[0m
[robot_decision-1] [1746697250.380]: HealthCheck               [33mRUNNING[0m -> [31mFAILURE[0m
[robot_decision-1] [1746697250.380]: HealthCheck               [31mFAILURE[0m -> [36mIDLE[0m
[robot_decision-1] [1746697250.380]: RootSequence              [33mRUNNING[0m -> [31mFAILURE[0m
[robot_decision-1] [1746697250.380]: RootSequence              [31mFAILURE[0m -> [36mIDLE[0m
[robot_decision-1] [1746697250.580]: RootSequence              [36mIDLE[0m -> [33mRUNNING[0m
[robot_decision-1] [1746697250.580]: HealthCheck               [36mIDLE[0m -> [33mRUNNING[0m
[robot_decision-1] [1746697250.580]: CheckIfHealth             [36mIDLE[0m -> [31mFAILURE[0m
[robot_decision-1] [1746697250.580]: CheckIfHealth             [31mFAILURE[0m -> [36mIDLE[0m
[robot_decision-1] [1746697250.580]: HealthCheck               [33mRUNNING[0m -> [31mFAILURE[0m
[robot_decision-1] [1746697250.580]: HealthCheck               [31mFAILURE[0m -> [36mIDLE[0m
[robot_decision-1] [1746697250.580]: RootSequence              [33mRUNNING[0m -> [31mFAILURE[0m
[robot_decision-1] [1746697250.580]: RootSequence              [31mFAILURE[0m -> [36mIDLE[0m
[robot_decision-1] [1746697250.780]: RootSequence              [36mIDLE[0m -> [33mRUNNING[0m
[robot_decision-1] [1746697250.780]: HealthCheck               [36mIDLE[0m -> [33mRUNNING[0m
[robot_decision-1] [1746697250.781]: CheckIfHealth             [36mIDLE[0m -> [31mFAILURE[0m
[robot_decision-1] [1746697250.781]: CheckIfHealth             [31mFAILURE[0m -> [36mIDLE[0m
[robot_decision-1] [1746697250.781]: HealthCheck               [33mRUNNING[0m -> [31mFAILURE[0m
[robot_decision-1] [1746697250.781]: HealthCheck               [31mFAILURE[0m -> [36mIDLE[0m
[robot_decision-1] [1746697250.781]: RootSequence              [33mRUNNING[0m -> [31mFAILURE[0m
[robot_decision-1] [1746697250.781]: RootSequence              [31mFAILURE[0m -> [36mIDLE[0m
[robot_decision-1] [1746697250.981]: RootSequence              [36mIDLE[0m -> [33mRUNNING[0m
[robot_decision-1] [1746697250.981]: HealthCheck               [36mIDLE[0m -> [33mRUNNING[0m
[robot_decision-1] [1746697250.981]: CheckIfHealth             [36mIDLE[0m -> [31mFAILURE[0m
[robot_decision-1] [1746697250.981]: CheckIfHealth             [31mFAILURE[0m -> [36mIDLE[0m
[robot_decision-1] [1746697250.981]: HealthCheck               [33mRUNNING[0m -> [31mFAILURE[0m
[robot_decision-1] [1746697250.981]: HealthCheck               [31mFAILURE[0m -> [36mIDLE[0m
[robot_decision-1] [1746697250.981]: RootSequence              [33mRUNNING[0m -> [31mFAILURE[0m
[robot_decision-1] [1746697250.981]: RootSequence              [31mFAILURE[0m -> [36mIDLE[0m
[robot_decision-1] [1746697251.181]: RootSequence              [36mIDLE[0m -> [33mRUNNING[0m
[robot_decision-1] [1746697251.181]: HealthCheck               [36mIDLE[0m -> [33mRUNNING[0m
[robot_decision-1] [1746697251.182]: CheckIfHealth             [36mIDLE[0m -> [31mFAILURE[0m
[robot_decision-1] [1746697251.182]: CheckIfHealth             [31mFAILURE[0m -> [36mIDLE[0m
[robot_decision-1] [1746697251.182]: HealthCheck               [33mRUNNING[0m -> [31mFAILURE[0m
[robot_decision-1] [1746697251.182]: HealthCheck               [31mFAILURE[0m -> [36mIDLE[0m
[robot_decision-1] [1746697251.182]: RootSequence              [33mRUNNING[0m -> [31mFAILURE[0m
[robot_decision-1] [1746697251.182]: RootSequence              [31mFAILURE[0m -> [36mIDLE[0m
[robot_decision-1] [1746697251.382]: RootSequence              [36mIDLE[0m -> [33mRUNNING[0m
[robot_decision-1] [1746697251.382]: HealthCheck               [36mIDLE[0m -> [33mRUNNING[0m
[robot_decision-1] [1746697251.382]: CheckIfHealth             [36mIDLE[0m -> [31mFAILURE[0m
[robot_decision-1] [1746697251.382]: CheckIfHealth             [31mFAILURE[0m -> [36mIDLE[0m
[robot_decision-1] [1746697251.382]: HealthCheck               [33mRUNNING[0m -> [31mFAILURE[0m
[robot_decision-1] [1746697251.382]: HealthCheck               [31mFAILURE[0m -> [36mIDLE[0m
[robot_decision-1] [1746697251.382]: RootSequence              [33mRUNNING[0m -> [31mFAILURE[0m
[robot_decision-1] [1746697251.382]: RootSequence              [31mFAILURE[0m -> [36mIDLE[0m
[robot_decision-1] [1746697251.582]: RootSequence              [36mIDLE[0m -> [33mRUNNING[0m
[robot_decision-1] [1746697251.582]: HealthCheck               [36mIDLE[0m -> [33mRUNNING[0m
[robot_decision-1] [1746697251.583]: CheckIfHealth             [36mIDLE[0m -> [31mFAILURE[0m
[robot_decision-1] [1746697251.583]: CheckIfHealth             [31mFAILURE[0m -> [36mIDLE[0m
[robot_decision-1] [1746697251.583]: HealthCheck               [33mRUNNING[0m -> [31mFAILURE[0m
[robot_decision-1] [1746697251.583]: HealthCheck               [31mFAILURE[0m -> [36mIDLE[0m
[robot_decision-1] [1746697251.583]: RootSequence              [33mRUNNING[0m -> [31mFAILURE[0m
[robot_decision-1] [1746697251.583]: RootSequence              [31mFAILURE[0m -> [36mIDLE[0m
[robot_decision-1] [1746697251.783]: RootSequence              [36mIDLE[0m -> [33mRUNNING[0m
[robot_decision-1] [1746697251.783]: HealthCheck               [36mIDLE[0m -> [33mRUNNING[0m
[robot_decision-1] [1746697251.783]: CheckIfHealth             [36mIDLE[0m -> [31mFAILURE[0m
[robot_decision-1] [1746697251.783]: CheckIfHealth             [31mFAILURE[0m -> [36mIDLE[0m
[robot_decision-1] [1746697251.783]: HealthCheck               [33mRUNNING[0m -> [31mFAILURE[0m
[robot_decision-1] [1746697251.783]: HealthCheck               [31mFAILURE[0m -> [36mIDLE[0m
[robot_decision-1] [1746697251.783]: RootSequence              [33mRUNNING[0m -> [31mFAILURE[0m
[robot_decision-1] [1746697251.783]: RootSequence              [31mFAILURE[0m -> [36mIDLE[0m
[robot_decision-1] [1746697251.983]: RootSequence              [36mIDLE[0m -> [33mRUNNING[0m
[robot_decision-1] [1746697251.983]: HealthCheck               [36mIDLE[0m -> [33mRUNNING[0m
[robot_decision-1] [1746697251.984]: CheckIfHealth             [36mIDLE[0m -> [31mFAILURE[0m
[robot_decision-1] [1746697251.984]: CheckIfHealth             [31mFAILURE[0m -> [36mIDLE[0m
[robot_decision-1] [1746697251.984]: HealthCheck               [33mRUNNING[0m -> [31mFAILURE[0m
[robot_decision-1] [1746697251.984]: HealthCheck               [31mFAILURE[0m -> [36mIDLE[0m
[robot_decision-1] [1746697251.984]: RootSequence              [33mRUNNING[0m -> [31mFAILURE[0m
[robot_decision-1] [1746697251.984]: RootSequence              [31mFAILURE[0m -> [36mIDLE[0m
[robot_decision-1] [1746697252.184]: RootSequence              [36mIDLE[0m -> [33mRUNNING[0m
[robot_decision-1] [1746697252.184]: HealthCheck               [36mIDLE[0m -> [33mRUNNING[0m
[robot_decision-1] [1746697252.184]: CheckIfHealth             [36mIDLE[0m -> [31mFAILURE[0m
[robot_decision-1] [1746697252.184]: CheckIfHealth             [31mFAILURE[0m -> [36mIDLE[0m
[robot_decision-1] [1746697252.184]: HealthCheck               [33mRUNNING[0m -> [31mFAILURE[0m
[robot_decision-1] [1746697252.184]: HealthCheck               [31mFAILURE[0m -> [36mIDLE[0m
[robot_decision-1] [1746697252.184]: RootSequence              [33mRUNNING[0m -> [31mFAILURE[0m
[robot_decision-1] [1746697252.184]: RootSequence              [31mFAILURE[0m -> [36mIDLE[0m
[robot_decision-1] [1746697252.384]: RootSequence              [36mIDLE[0m -> [33mRUNNING[0m
[robot_decision-1] [1746697252.384]: HealthCheck               [36mIDLE[0m -> [33mRUNNING[0m
[robot_decision-1] [1746697252.385]: CheckIfHealth             [36mIDLE[0m -> [31mFAILURE[0m
[robot_decision-1] [1746697252.385]: CheckIfHealth             [31mFAILURE[0m -> [36mIDLE[0m
[robot_decision-1] [1746697252.385]: HealthCheck               [33mRUNNING[0m -> [31mFAILURE[0m
[robot_decision-1] [1746697252.385]: HealthCheck               [31mFAILURE[0m -> [36mIDLE[0m
[robot_decision-1] [1746697252.385]: RootSequence              [33mRUNNING[0m -> [31mFAILURE[0m
[robot_decision-1] [1746697252.385]: RootSequence              [31mFAILURE[0m -> [36mIDLE[0m
[robot_decision-1] [1746697252.585]: RootSequence              [36mIDLE[0m -> [33mRUNNING[0m
[robot_decision-1] [1746697252.585]: HealthCheck               [36mIDLE[0m -> [33mRUNNING[0m
[robot_decision-1] [1746697252.585]: CheckIfHealth             [36mIDLE[0m -> [31mFAILURE[0m
[robot_decision-1] [1746697252.585]: CheckIfHealth             [31mFAILURE[0m -> [36mIDLE[0m
[robot_decision-1] [1746697252.585]: HealthCheck               [33mRUNNING[0m -> [31mFAILURE[0m
[robot_decision-1] [1746697252.585]: HealthCheck               [31mFAILURE[0m -> [36mIDLE[0m
[robot_decision-1] [1746697252.585]: RootSequence              [33mRUNNING[0m -> [31mFAILURE[0m
[robot_decision-1] [1746697252.585]: RootSequence              [31mFAILURE[0m -> [36mIDLE[0m
[robot_decision-1] [1746697252.785]: RootSequence              [36mIDLE[0m -> [33mRUNNING[0m
[robot_decision-1] [1746697252.785]: HealthCheck               [36mIDLE[0m -> [33mRUNNING[0m
[robot_decision-1] [1746697252.785]: CheckIfHealth             [36mIDLE[0m -> [31mFAILURE[0m
[robot_decision-1] [1746697252.785]: CheckIfHealth             [31mFAILURE[0m -> [36mIDLE[0m
[robot_decision-1] [1746697252.785]: HealthCheck               [33mRUNNING[0m -> [31mFAILURE[0m
[robot_decision-1] [1746697252.785]: HealthCheck               [31mFAILURE[0m -> [36mIDLE[0m
[robot_decision-1] [1746697252.785]: RootSequence              [33mRUNNING[0m -> [31mFAILURE[0m
[robot_decision-1] [1746697252.785]: RootSequence              [31mFAILURE[0m -> [36mIDLE[0m
[robot_decision-1] [1746697252.986]: RootSequence              [36mIDLE[0m -> [33mRUNNING[0m
[robot_decision-1] [1746697252.986]: HealthCheck               [36mIDLE[0m -> [33mRUNNING[0m
[robot_decision-1] [1746697252.986]: CheckIfHealth             [36mIDLE[0m -> [31mFAILURE[0m
[robot_decision-1] [1746697252.986]: CheckIfHealth             [31mFAILURE[0m -> [36mIDLE[0m
[robot_decision-1] [1746697252.986]: HealthCheck               [33mRUNNING[0m -> [31mFAILURE[0m
[robot_decision-1] [1746697252.986]: HealthCheck               [31mFAILURE[0m -> [36mIDLE[0m
[robot_decision-1] [1746697252.986]: RootSequence              [33mRUNNING[0m -> [31mFAILURE[0m
[robot_decision-1] [1746697252.986]: RootSequence              [31mFAILURE[0m -> [36mIDLE[0m
[robot_decision-1] [1746697253.186]: RootSequence              [36mIDLE[0m -> [33mRUNNING[0m
[robot_decision-1] [1746697253.186]: HealthCheck               [36mIDLE[0m -> [33mRUNNING[0m
[robot_decision-1] [1746697253.186]: CheckIfHealth             [36mIDLE[0m -> [31mFAILURE[0m
[robot_decision-1] [1746697253.186]: CheckIfHealth             [31mFAILURE[0m -> [36mIDLE[0m
[robot_decision-1] [1746697253.186]: HealthCheck               [33mRUNNING[0m -> [31mFAILURE[0m
[robot_decision-1] [1746697253.186]: HealthCheck               [31mFAILURE[0m -> [36mIDLE[0m
[robot_decision-1] [1746697253.186]: RootSequence              [33mRUNNING[0m -> [31mFAILURE[0m
[robot_decision-1] [1746697253.186]: RootSequence              [31mFAILURE[0m -> [36mIDLE[0m
[robot_decision-1] [1746697253.387]: RootSequence              [36mIDLE[0m -> [33mRUNNING[0m
[robot_decision-1] [1746697253.387]: HealthCheck               [36mIDLE[0m -> [33mRUNNING[0m
[robot_decision-1] [1746697253.387]: CheckIfHealth             [36mIDLE[0m -> [31mFAILURE[0m
[robot_decision-1] [1746697253.387]: CheckIfHealth             [31mFAILURE[0m -> [36mIDLE[0m
[robot_decision-1] [1746697253.387]: HealthCheck               [33mRUNNING[0m -> [31mFAILURE[0m
[robot_decision-1] [1746697253.387]: HealthCheck               [31mFAILURE[0m -> [36mIDLE[0m
[robot_decision-1] [1746697253.387]: RootSequence              [33mRUNNING[0m -> [31mFAILURE[0m
[robot_decision-1] [1746697253.387]: RootSequence              [31mFAILURE[0m -> [36mIDLE[0m
[robot_decision-1] [1746697253.587]: RootSequence              [36mIDLE[0m -> [33mRUNNING[0m
[robot_decision-1] [1746697253.587]: HealthCheck               [36mIDLE[0m -> [33mRUNNING[0m
[robot_decision-1] [1746697253.587]: CheckIfHealth             [36mIDLE[0m -> [31mFAILURE[0m
[robot_decision-1] [1746697253.587]: CheckIfHealth             [31mFAILURE[0m -> [36mIDLE[0m
[robot_decision-1] [1746697253.587]: HealthCheck               [33mRUNNING[0m -> [31mFAILURE[0m
[robot_decision-1] [1746697253.587]: HealthCheck               [31mFAILURE[0m -> [36mIDLE[0m
[robot_decision-1] [1746697253.587]: RootSequence              [33mRUNNING[0m -> [31mFAILURE[0m
[robot_decision-1] [1746697253.587]: RootSequence              [31mFAILURE[0m -> [36mIDLE[0m
[robot_decision-1] [1746697253.787]: RootSequence              [36mIDLE[0m -> [33mRUNNING[0m
[robot_decision-1] [1746697253.787]: HealthCheck               [36mIDLE[0m -> [33mRUNNING[0m
[robot_decision-1] [1746697253.787]: CheckIfHealth             [36mIDLE[0m -> [31mFAILURE[0m
[robot_decision-1] [1746697253.787]: CheckIfHealth             [31mFAILURE[0m -> [36mIDLE[0m
[robot_decision-1] [1746697253.787]: HealthCheck               [33mRUNNING[0m -> [31mFAILURE[0m
[robot_decision-1] [1746697253.787]: HealthCheck               [31mFAILURE[0m -> [36mIDLE[0m
[robot_decision-1] [1746697253.787]: RootSequence              [33mRUNNING[0m -> [31mFAILURE[0m
[robot_decision-1] [1746697253.787]: RootSequence              [31mFAILURE[0m -> [36mIDLE[0m
[robot_decision-1] [1746697253.988]: RootSequence              [36mIDLE[0m -> [33mRUNNING[0m
[robot_decision-1] [1746697253.988]: HealthCheck               [36mIDLE[0m -> [33mRUNNING[0m
[robot_decision-1] [1746697253.988]: CheckIfHealth             [36mIDLE[0m -> [31mFAILURE[0m
[robot_decision-1] [1746697253.988]: CheckIfHealth             [31mFAILURE[0m -> [36mIDLE[0m
[robot_decision-1] [1746697253.988]: HealthCheck               [33mRUNNING[0m -> [31mFAILURE[0m
[robot_decision-1] [1746697253.988]: HealthCheck               [31mFAILURE[0m -> [36mIDLE[0m
[robot_decision-1] [1746697253.988]: RootSequence              [33mRUNNING[0m -> [31mFAILURE[0m
[robot_decision-1] [1746697253.988]: RootSequence              [31mFAILURE[0m -> [36mIDLE[0m
[robot_decision-1] [1746697254.188]: RootSequence              [36mIDLE[0m -> [33mRUNNING[0m
[robot_decision-1] [1746697254.188]: HealthCheck               [36mIDLE[0m -> [33mRUNNING[0m
[robot_decision-1] [1746697254.189]: CheckIfHealth             [36mIDLE[0m -> [31mFAILURE[0m
[robot_decision-1] [1746697254.189]: CheckIfHealth             [31mFAILURE[0m -> [36mIDLE[0m
[robot_decision-1] [1746697254.189]: HealthCheck               [33mRUNNING[0m -> [31mFAILURE[0m
[robot_decision-1] [1746697254.189]: HealthCheck               [31mFAILURE[0m -> [36mIDLE[0m
[robot_decision-1] [1746697254.189]: RootSequence              [33mRUNNING[0m -> [31mFAILURE[0m
[robot_decision-1] [1746697254.189]: RootSequence              [31mFAILURE[0m -> [36mIDLE[0m
[robot_decision-1] [1746697254.389]: RootSequence              [36mIDLE[0m -> [33mRUNNING[0m
[robot_decision-1] [1746697254.389]: HealthCheck               [36mIDLE[0m -> [33mRUNNING[0m
[robot_decision-1] [1746697254.389]: CheckIfHealth             [36mIDLE[0m -> [31mFAILURE[0m
[robot_decision-1] [1746697254.389]: CheckIfHealth             [31mFAILURE[0m -> [36mIDLE[0m
[robot_decision-1] [1746697254.389]: HealthCheck               [33mRUNNING[0m -> [31mFAILURE[0m
[robot_decision-1] [1746697254.389]: HealthCheck               [31mFAILURE[0m -> [36mIDLE[0m
[robot_decision-1] [1746697254.389]: RootSequence              [33mRUNNING[0m -> [31mFAILURE[0m
[robot_decision-1] [1746697254.389]: RootSequence              [31mFAILURE[0m -> [36mIDLE[0m
[robot_decision-1] [1746697254.589]: RootSequence              [36mIDLE[0m -> [33mRUNNING[0m
[robot_decision-1] [1746697254.589]: HealthCheck               [36mIDLE[0m -> [33mRUNNING[0m
[robot_decision-1] [1746697254.590]: CheckIfHealth             [36mIDLE[0m -> [31mFAILURE[0m
[robot_decision-1] [1746697254.590]: CheckIfHealth             [31mFAILURE[0m -> [36mIDLE[0m
[robot_decision-1] [1746697254.590]: HealthCheck               [33mRUNNING[0m -> [31mFAILURE[0m
[robot_decision-1] [1746697254.590]: HealthCheck               [31mFAILURE[0m -> [36mIDLE[0m
[robot_decision-1] [1746697254.590]: RootSequence              [33mRUNNING[0m -> [31mFAILURE[0m
[robot_decision-1] [1746697254.590]: RootSequence              [31mFAILURE[0m -> [36mIDLE[0m
[robot_decision-1] [1746697254.790]: RootSequence              [36mIDLE[0m -> [33mRUNNING[0m
[robot_decision-1] [1746697254.790]: HealthCheck               [36mIDLE[0m -> [33mRUNNING[0m
[robot_decision-1] [1746697254.790]: CheckIfHealth             [36mIDLE[0m -> [31mFAILURE[0m
[robot_decision-1] [1746697254.790]: CheckIfHealth             [31mFAILURE[0m -> [36mIDLE[0m
[robot_decision-1] [1746697254.790]: HealthCheck               [33mRUNNING[0m -> [31mFAILURE[0m
[robot_decision-1] [1746697254.790]: HealthCheck               [31mFAILURE[0m -> [36mIDLE[0m
[robot_decision-1] [1746697254.790]: RootSequence              [33mRUNNING[0m -> [31mFAILURE[0m
[robot_decision-1] [1746697254.790]: RootSequence              [31mFAILURE[0m -> [36mIDLE[0m
[robot_decision-1] [1746697254.990]: RootSequence              [36mIDLE[0m -> [33mRUNNING[0m
[robot_decision-1] [1746697254.990]: HealthCheck               [36mIDLE[0m -> [33mRUNNING[0m
[robot_decision-1] [1746697254.990]: CheckIfHealth             [36mIDLE[0m -> [31mFAILURE[0m
[robot_decision-1] [1746697254.990]: CheckIfHealth             [31mFAILURE[0m -> [36mIDLE[0m
[robot_decision-1] [1746697254.990]: HealthCheck               [33mRUNNING[0m -> [31mFAILURE[0m
[robot_decision-1] [1746697254.990]: HealthCheck               [31mFAILURE[0m -> [36mIDLE[0m
[robot_decision-1] [1746697254.990]: RootSequence              [33mRUNNING[0m -> [31mFAILURE[0m
[robot_decision-1] [1746697254.990]: RootSequence              [31mFAILURE[0m -> [36mIDLE[0m
[robot_decision-1] [1746697255.191]: RootSequence              [36mIDLE[0m -> [33mRUNNING[0m
[robot_decision-1] [1746697255.191]: HealthCheck               [36mIDLE[0m -> [33mRUNNING[0m
[robot_decision-1] [1746697255.191]: CheckIfHealth             [36mIDLE[0m -> [31mFAILURE[0m
[robot_decision-1] [1746697255.191]: CheckIfHealth             [31mFAILURE[0m -> [36mIDLE[0m
[robot_decision-1] [1746697255.191]: HealthCheck               [33mRUNNING[0m -> [31mFAILURE[0m
[robot_decision-1] [1746697255.191]: HealthCheck               [31mFAILURE[0m -> [36mIDLE[0m
[robot_decision-1] [1746697255.191]: RootSequence              [33mRUNNING[0m -> [31mFAILURE[0m
[robot_decision-1] [1746697255.191]: RootSequence              [31mFAILURE[0m -> [36mIDLE[0m
[robot_decision-1] [1746697255.391]: RootSequence              [36mIDLE[0m -> [33mRUNNING[0m
[robot_decision-1] [1746697255.391]: HealthCheck               [36mIDLE[0m -> [33mRUNNING[0m
[robot_decision-1] [1746697255.391]: CheckIfHealth             [36mIDLE[0m -> [31mFAILURE[0m
[robot_decision-1] [1746697255.391]: CheckIfHealth             [31mFAILURE[0m -> [36mIDLE[0m
[robot_decision-1] [1746697255.391]: HealthCheck               [33mRUNNING[0m -> [31mFAILURE[0m
[robot_decision-1] [1746697255.391]: HealthCheck               [31mFAILURE[0m -> [36mIDLE[0m
[robot_decision-1] [1746697255.391]: RootSequence              [33mRUNNING[0m -> [31mFAILURE[0m
[robot_decision-1] [1746697255.391]: RootSequence              [31mFAILURE[0m -> [36mIDLE[0m
[robot_decision-1] [1746697255.591]: RootSequence              [36mIDLE[0m -> [33mRUNNING[0m
[robot_decision-1] [1746697255.591]: HealthCheck               [36mIDLE[0m -> [33mRUNNING[0m
[robot_decision-1] [1746697255.592]: CheckIfHealth             [36mIDLE[0m -> [31mFAILURE[0m
[robot_decision-1] [1746697255.592]: CheckIfHealth             [31mFAILURE[0m -> [36mIDLE[0m
[robot_decision-1] [1746697255.592]: HealthCheck               [33mRUNNING[0m -> [31mFAILURE[0m
[robot_decision-1] [1746697255.592]: HealthCheck               [31mFAILURE[0m -> [36mIDLE[0m
[robot_decision-1] [1746697255.592]: RootSequence              [33mRUNNING[0m -> [31mFAILURE[0m
[robot_decision-1] [1746697255.592]: RootSequence              [31mFAILURE[0m -> [36mIDLE[0m
[robot_decision-1] [1746697255.792]: RootSequence              [36mIDLE[0m -> [33mRUNNING[0m
[robot_decision-1] [1746697255.792]: HealthCheck               [36mIDLE[0m -> [33mRUNNING[0m
[robot_decision-1] [1746697255.792]: CheckIfHealth             [36mIDLE[0m -> [31mFAILURE[0m
[robot_decision-1] [1746697255.792]: CheckIfHealth             [31mFAILURE[0m -> [36mIDLE[0m
[robot_decision-1] [1746697255.792]: HealthCheck               [33mRUNNING[0m -> [31mFAILURE[0m
[robot_decision-1] [1746697255.792]: HealthCheck               [31mFAILURE[0m -> [36mIDLE[0m
[robot_decision-1] [1746697255.792]: RootSequence              [33mRUNNING[0m -> [31mFAILURE[0m
[robot_decision-1] [1746697255.792]: RootSequence              [31mFAILURE[0m -> [36mIDLE[0m
[robot_decision-1] [1746697255.992]: RootSequence              [36mIDLE[0m -> [33mRUNNING[0m
[robot_decision-1] [1746697255.993]: HealthCheck               [36mIDLE[0m -> [33mRUNNING[0m
[robot_decision-1] [1746697255.993]: CheckIfHealth             [36mIDLE[0m -> [31mFAILURE[0m
[robot_decision-1] [1746697255.993]: CheckIfHealth             [31mFAILURE[0m -> [36mIDLE[0m
[robot_decision-1] [1746697255.993]: HealthCheck               [33mRUNNING[0m -> [31mFAILURE[0m
[robot_decision-1] [1746697255.993]: HealthCheck               [31mFAILURE[0m -> [36mIDLE[0m
[robot_decision-1] [1746697255.993]: RootSequence              [33mRUNNING[0m -> [31mFAILURE[0m
[robot_decision-1] [1746697255.993]: RootSequence              [31mFAILURE[0m -> [36mIDLE[0m
[robot_decision-1] [1746697256.193]: RootSequence              [36mIDLE[0m -> [33mRUNNING[0m
[robot_decision-1] [1746697256.193]: HealthCheck               [36mIDLE[0m -> [33mRUNNING[0m
[robot_decision-1] [1746697256.194]: CheckIfHealth             [36mIDLE[0m -> [31mFAILURE[0m
[robot_decision-1] [1746697256.194]: CheckIfHealth             [31mFAILURE[0m -> [36mIDLE[0m
[robot_decision-1] [1746697256.194]: HealthCheck               [33mRUNNING[0m -> [31mFAILURE[0m
[robot_decision-1] [1746697256.194]: HealthCheck               [31mFAILURE[0m -> [36mIDLE[0m
[robot_decision-1] [1746697256.194]: RootSequence              [33mRUNNING[0m -> [31mFAILURE[0m
[robot_decision-1] [1746697256.194]: RootSequence              [31mFAILURE[0m -> [36mIDLE[0m
[robot_decision-1] [1746697256.394]: RootSequence              [36mIDLE[0m -> [33mRUNNING[0m
[robot_decision-1] [1746697256.394]: HealthCheck               [36mIDLE[0m -> [33mRUNNING[0m
[robot_decision-1] [1746697256.394]: CheckIfHealth             [36mIDLE[0m -> [31mFAILURE[0m
[robot_decision-1] [1746697256.394]: CheckIfHealth             [31mFAILURE[0m -> [36mIDLE[0m
[robot_decision-1] [1746697256.394]: HealthCheck               [33mRUNNING[0m -> [31mFAILURE[0m
[robot_decision-1] [1746697256.394]: HealthCheck               [31mFAILURE[0m -> [36mIDLE[0m
[robot_decision-1] [1746697256.394]: RootSequence              [33mRUNNING[0m -> [31mFAILURE[0m
[robot_decision-1] [1746697256.394]: RootSequence              [31mFAILURE[0m -> [36mIDLE[0m
[robot_decision-1] [1746697256.594]: RootSequence              [36mIDLE[0m -> [33mRUNNING[0m
[robot_decision-1] [1746697256.594]: HealthCheck               [36mIDLE[0m -> [33mRUNNING[0m
[robot_decision-1] [1746697256.594]: CheckIfHealth             [36mIDLE[0m -> [31mFAILURE[0m
[robot_decision-1] [1746697256.594]: CheckIfHealth             [31mFAILURE[0m -> [36mIDLE[0m
[robot_decision-1] [1746697256.594]: HealthCheck               [33mRUNNING[0m -> [31mFAILURE[0m
[robot_decision-1] [1746697256.594]: HealthCheck               [31mFAILURE[0m -> [36mIDLE[0m
[robot_decision-1] [1746697256.594]: RootSequence              [33mRUNNING[0m -> [31mFAILURE[0m
[robot_decision-1] [1746697256.594]: RootSequence              [31mFAILURE[0m -> [36mIDLE[0m
[robot_decision-1] [1746697256.794]: RootSequence              [36mIDLE[0m -> [33mRUNNING[0m
[robot_decision-1] [1746697256.794]: HealthCheck               [36mIDLE[0m -> [33mRUNNING[0m
[robot_decision-1] [1746697256.794]: CheckIfHealth             [36mIDLE[0m -> [31mFAILURE[0m
[robot_decision-1] [1746697256.794]: CheckIfHealth             [31mFAILURE[0m -> [36mIDLE[0m
[robot_decision-1] [1746697256.794]: HealthCheck               [33mRUNNING[0m -> [31mFAILURE[0m
[robot_decision-1] [1746697256.794]: HealthCheck               [31mFAILURE[0m -> [36mIDLE[0m
[robot_decision-1] [1746697256.794]: RootSequence              [33mRUNNING[0m -> [31mFAILURE[0m
[robot_decision-1] [1746697256.794]: RootSequence              [31mFAILURE[0m -> [36mIDLE[0m
[robot_decision-1] [1746697256.995]: RootSequence              [36mIDLE[0m -> [33mRUNNING[0m
[robot_decision-1] [1746697256.995]: HealthCheck               [36mIDLE[0m -> [33mRUNNING[0m
[robot_decision-1] [1746697256.995]: CheckIfHealth             [36mIDLE[0m -> [31mFAILURE[0m
[robot_decision-1] [1746697256.995]: CheckIfHealth             [31mFAILURE[0m -> [36mIDLE[0m
[robot_decision-1] [1746697256.995]: HealthCheck               [33mRUNNING[0m -> [31mFAILURE[0m
[robot_decision-1] [1746697256.995]: HealthCheck               [31mFAILURE[0m -> [36mIDLE[0m
[robot_decision-1] [1746697256.995]: RootSequence              [33mRUNNING[0m -> [31mFAILURE[0m
[robot_decision-1] [1746697256.995]: RootSequence              [31mFAILURE[0m -> [36mIDLE[0m
[robot_decision-1] [1746697257.195]: RootSequence              [36mIDLE[0m -> [33mRUNNING[0m
[robot_decision-1] [1746697257.195]: HealthCheck               [36mIDLE[0m -> [33mRUNNING[0m
[robot_decision-1] [1746697257.195]: CheckIfHealth             [36mIDLE[0m -> [31mFAILURE[0m
[robot_decision-1] [1746697257.195]: CheckIfHealth             [31mFAILURE[0m -> [36mIDLE[0m
[robot_decision-1] [1746697257.195]: HealthCheck               [33mRUNNING[0m -> [31mFAILURE[0m
[robot_decision-1] [1746697257.195]: HealthCheck               [31mFAILURE[0m -> [36mIDLE[0m
[robot_decision-1] [1746697257.195]: RootSequence              [33mRUNNING[0m -> [31mFAILURE[0m
[robot_decision-1] [1746697257.195]: RootSequence              [31mFAILURE[0m -> [36mIDLE[0m
[robot_decision-1] [1746697257.395]: RootSequence              [36mIDLE[0m -> [33mRUNNING[0m
[robot_decision-1] [1746697257.395]: HealthCheck               [36mIDLE[0m -> [33mRUNNING[0m
[robot_decision-1] [1746697257.396]: CheckIfHealth             [36mIDLE[0m -> [31mFAILURE[0m
[robot_decision-1] [1746697257.396]: CheckIfHealth             [31mFAILURE[0m -> [36mIDLE[0m
[robot_decision-1] [1746697257.396]: HealthCheck               [33mRUNNING[0m -> [31mFAILURE[0m
[robot_decision-1] [1746697257.396]: HealthCheck               [31mFAILURE[0m -> [36mIDLE[0m
[robot_decision-1] [1746697257.396]: RootSequence              [33mRUNNING[0m -> [31mFAILURE[0m
[robot_decision-1] [1746697257.396]: RootSequence              [31mFAILURE[0m -> [36mIDLE[0m
[robot_decision-1] [1746697257.596]: RootSequence              [36mIDLE[0m -> [33mRUNNING[0m
[robot_decision-1] [1746697257.596]: HealthCheck               [36mIDLE[0m -> [33mRUNNING[0m
[robot_decision-1] [1746697257.596]: CheckIfHealth             [36mIDLE[0m -> [31mFAILURE[0m
[robot_decision-1] [1746697257.596]: CheckIfHealth             [31mFAILURE[0m -> [36mIDLE[0m
[robot_decision-1] [1746697257.596]: HealthCheck               [33mRUNNING[0m -> [31mFAILURE[0m
[robot_decision-1] [1746697257.596]: HealthCheck               [31mFAILURE[0m -> [36mIDLE[0m
[robot_decision-1] [1746697257.596]: RootSequence              [33mRUNNING[0m -> [31mFAILURE[0m
[robot_decision-1] [1746697257.596]: RootSequence              [31mFAILURE[0m -> [36mIDLE[0m
[robot_decision-1] [1746697257.796]: RootSequence              [36mIDLE[0m -> [33mRUNNING[0m
[robot_decision-1] [1746697257.797]: HealthCheck               [36mIDLE[0m -> [33mRUNNING[0m
[robot_decision-1] [1746697257.797]: CheckIfHealth             [36mIDLE[0m -> [31mFAILURE[0m
[robot_decision-1] [1746697257.797]: CheckIfHealth             [31mFAILURE[0m -> [36mIDLE[0m
[robot_decision-1] [1746697257.797]: HealthCheck               [33mRUNNING[0m -> [31mFAILURE[0m
[robot_decision-1] [1746697257.797]: HealthCheck               [31mFAILURE[0m -> [36mIDLE[0m
[robot_decision-1] [1746697257.797]: RootSequence              [33mRUNNING[0m -> [31mFAILURE[0m
[robot_decision-1] [1746697257.797]: RootSequence              [31mFAILURE[0m -> [36mIDLE[0m
[robot_decision-1] [1746697257.997]: RootSequence              [36mIDLE[0m -> [33mRUNNING[0m
[robot_decision-1] [1746697257.997]: HealthCheck               [36mIDLE[0m -> [33mRUNNING[0m
[robot_decision-1] [1746697257.997]: CheckIfHealth             [36mIDLE[0m -> [31mFAILURE[0m
[robot_decision-1] [1746697257.997]: CheckIfHealth             [31mFAILURE[0m -> [36mIDLE[0m
[robot_decision-1] [1746697257.997]: HealthCheck               [33mRUNNING[0m -> [31mFAILURE[0m
[robot_decision-1] [1746697257.997]: HealthCheck               [31mFAILURE[0m -> [36mIDLE[0m
[robot_decision-1] [1746697257.997]: RootSequence              [33mRUNNING[0m -> [31mFAILURE[0m
[robot_decision-1] [1746697257.997]: RootSequence              [31mFAILURE[0m -> [36mIDLE[0m
[robot_decision-1] [1746697258.198]: RootSequence              [36mIDLE[0m -> [33mRUNNING[0m
[robot_decision-1] [1746697258.198]: HealthCheck               [36mIDLE[0m -> [33mRUNNING[0m
[robot_decision-1] [1746697258.198]: CheckIfHealth             [36mIDLE[0m -> [31mFAILURE[0m
[robot_decision-1] [1746697258.198]: CheckIfHealth             [31mFAILURE[0m -> [36mIDLE[0m
[robot_decision-1] [1746697258.198]: HealthCheck               [33mRUNNING[0m -> [31mFAILURE[0m
[robot_decision-1] [1746697258.198]: HealthCheck               [31mFAILURE[0m -> [36mIDLE[0m
[robot_decision-1] [1746697258.198]: RootSequence              [33mRUNNING[0m -> [31mFAILURE[0m
[robot_decision-1] [1746697258.198]: RootSequence              [31mFAILURE[0m -> [36mIDLE[0m
[robot_decision-1] [1746697258.398]: RootSequence              [36mIDLE[0m -> [33mRUNNING[0m
[robot_decision-1] [1746697258.398]: HealthCheck               [36mIDLE[0m -> [33mRUNNING[0m
[robot_decision-1] [1746697258.399]: CheckIfHealth             [36mIDLE[0m -> [31mFAILURE[0m
[robot_decision-1] [1746697258.399]: CheckIfHealth             [31mFAILURE[0m -> [36mIDLE[0m
[robot_decision-1] [1746697258.399]: HealthCheck               [33mRUNNING[0m -> [31mFAILURE[0m
[robot_decision-1] [1746697258.399]: HealthCheck               [31mFAILURE[0m -> [36mIDLE[0m
[robot_decision-1] [1746697258.399]: RootSequence              [33mRUNNING[0m -> [31mFAILURE[0m
[robot_decision-1] [1746697258.399]: RootSequence              [31mFAILURE[0m -> [36mIDLE[0m
[robot_decision-1] [1746697258.599]: RootSequence              [36mIDLE[0m -> [33mRUNNING[0m
[robot_decision-1] [1746697258.599]: HealthCheck               [36mIDLE[0m -> [33mRUNNING[0m
[robot_decision-1] [1746697258.599]: CheckIfHealth             [36mIDLE[0m -> [31mFAILURE[0m
[robot_decision-1] [1746697258.599]: CheckIfHealth             [31mFAILURE[0m -> [36mIDLE[0m
[robot_decision-1] [1746697258.599]: HealthCheck               [33mRUNNING[0m -> [31mFAILURE[0m
[robot_decision-1] [1746697258.599]: HealthCheck               [31mFAILURE[0m -> [36mIDLE[0m
[robot_decision-1] [1746697258.599]: RootSequence              [33mRUNNING[0m -> [31mFAILURE[0m
[robot_decision-1] [1746697258.599]: RootSequence              [31mFAILURE[0m -> [36mIDLE[0m
[robot_decision-1] [1746697258.799]: RootSequence              [36mIDLE[0m -> [33mRUNNING[0m
[robot_decision-1] [1746697258.799]: HealthCheck               [36mIDLE[0m -> [33mRUNNING[0m
[robot_decision-1] [1746697258.799]: CheckIfHealth             [36mIDLE[0m -> [31mFAILURE[0m
[robot_decision-1] [1746697258.799]: CheckIfHealth             [31mFAILURE[0m -> [36mIDLE[0m
[robot_decision-1] [1746697258.799]: HealthCheck               [33mRUNNING[0m -> [31mFAILURE[0m
[robot_decision-1] [1746697258.799]: HealthCheck               [31mFAILURE[0m -> [36mIDLE[0m
[robot_decision-1] [1746697258.799]: RootSequence              [33mRUNNING[0m -> [31mFAILURE[0m
[robot_decision-1] [1746697258.799]: RootSequence              [31mFAILURE[0m -> [36mIDLE[0m
[robot_decision-1] [1746697259.000]: RootSequence              [36mIDLE[0m -> [33mRUNNING[0m
[robot_decision-1] [1746697259.000]: HealthCheck               [36mIDLE[0m -> [33mRUNNING[0m
[robot_decision-1] [1746697259.000]: CheckIfHealth             [36mIDLE[0m -> [31mFAILURE[0m
[robot_decision-1] [1746697259.000]: CheckIfHealth             [31mFAILURE[0m -> [36mIDLE[0m
[robot_decision-1] [1746697259.000]: HealthCheck               [33mRUNNING[0m -> [31mFAILURE[0m
[robot_decision-1] [1746697259.000]: HealthCheck               [31mFAILURE[0m -> [36mIDLE[0m
[robot_decision-1] [1746697259.000]: RootSequence              [33mRUNNING[0m -> [31mFAILURE[0m
[robot_decision-1] [1746697259.000]: RootSequence              [31mFAILURE[0m -> [36mIDLE[0m
[robot_decision-1] [1746697259.200]: RootSequence              [36mIDLE[0m -> [33mRUNNING[0m
[robot_decision-1] [1746697259.200]: HealthCheck               [36mIDLE[0m -> [33mRUNNING[0m
[robot_decision-1] [1746697259.200]: CheckIfHealth             [36mIDLE[0m -> [31mFAILURE[0m
[robot_decision-1] [1746697259.200]: CheckIfHealth             [31mFAILURE[0m -> [36mIDLE[0m
[robot_decision-1] [1746697259.200]: HealthCheck               [33mRUNNING[0m -> [31mFAILURE[0m
[robot_decision-1] [1746697259.200]: HealthCheck               [31mFAILURE[0m -> [36mIDLE[0m
[robot_decision-1] [1746697259.200]: RootSequence              [33mRUNNING[0m -> [31mFAILURE[0m
[robot_decision-1] [1746697259.200]: RootSequence              [31mFAILURE[0m -> [36mIDLE[0m
[robot_decision-1] [1746697259.400]: RootSequence              [36mIDLE[0m -> [33mRUNNING[0m
[robot_decision-1] [1746697259.400]: HealthCheck               [36mIDLE[0m -> [33mRUNNING[0m
[robot_decision-1] [1746697259.400]: CheckIfHealth             [36mIDLE[0m -> [31mFAILURE[0m
[robot_decision-1] [1746697259.400]: CheckIfHealth             [31mFAILURE[0m -> [36mIDLE[0m
[robot_decision-1] [1746697259.400]: HealthCheck               [33mRUNNING[0m -> [31mFAILURE[0m
[robot_decision-1] [1746697259.400]: HealthCheck               [31mFAILURE[0m -> [36mIDLE[0m
[robot_decision-1] [1746697259.400]: RootSequence              [33mRUNNING[0m -> [31mFAILURE[0m
[robot_decision-1] [1746697259.400]: RootSequence              [31mFAILURE[0m -> [36mIDLE[0m
[robot_decision-1] [1746697259.601]: RootSequence              [36mIDLE[0m -> [33mRUNNING[0m
[robot_decision-1] [1746697259.601]: HealthCheck               [36mIDLE[0m -> [33mRUNNING[0m
[robot_decision-1] [1746697259.601]: CheckIfHealth             [36mIDLE[0m -> [31mFAILURE[0m
[robot_decision-1] [1746697259.601]: CheckIfHealth             [31mFAILURE[0m -> [36mIDLE[0m
[robot_decision-1] [1746697259.601]: HealthCheck               [33mRUNNING[0m -> [31mFAILURE[0m
[robot_decision-1] [1746697259.601]: HealthCheck               [31mFAILURE[0m -> [36mIDLE[0m
[robot_decision-1] [1746697259.601]: RootSequence              [33mRUNNING[0m -> [31mFAILURE[0m
[robot_decision-1] [1746697259.601]: RootSequence              [31mFAILURE[0m -> [36mIDLE[0m
[robot_decision-1] [1746697259.801]: RootSequence              [36mIDLE[0m -> [33mRUNNING[0m
[robot_decision-1] [1746697259.801]: HealthCheck               [36mIDLE[0m -> [33mRUNNING[0m
[robot_decision-1] [1746697259.802]: CheckIfHealth             [36mIDLE[0m -> [31mFAILURE[0m
[robot_decision-1] [1746697259.802]: CheckIfHealth             [31mFAILURE[0m -> [36mIDLE[0m
[robot_decision-1] [1746697259.802]: HealthCheck               [33mRUNNING[0m -> [31mFAILURE[0m
[robot_decision-1] [1746697259.802]: HealthCheck               [31mFAILURE[0m -> [36mIDLE[0m
[robot_decision-1] [1746697259.802]: RootSequence              [33mRUNNING[0m -> [31mFAILURE[0m
[robot_decision-1] [1746697259.802]: RootSequence              [31mFAILURE[0m -> [36mIDLE[0m
